[
    {
        "ID": "6",
        "Name": "webhookname",
        "Target": "http://1.1.1.1",
        "Events": [],
        "Active": true,
        "SkipVerify": true
    }
]