{
    "ID": "3",
    "Login": "2",
    "Name": "1",
    "Email": "2",
    "Avatar": ""
}